array('/.htdeployment.running', '/bar.log.deploytmp', '/foo.txt.deploytmp')
